cargo : warning: enum `FsType` is never used
At line:1 char:1
+ cargo test -p collection 2>&1 | tee test-output.txt
+ ~~~~~~~~~~~~~~~~~~~~~~~~~~~~~
    + CategoryInfo          : NotSpecified: (warning: enum `FsType` is never used:String) [], RemoteException
    + FullyQualifiedErrorId : NativeCommandError
 
  --> lib\common\common\src\fs\check.rs:33:6
   |
33 | enum FsType {
   |      ^^^^^^
   |
   = note: `#[warn(dead_code)]` (part of `#[warn(unused)]`) on by default

warning: associated function `from_name` is never used
  --> lib\common\common\src\fs\check.rs:77:8
   |
53 | impl FsType {
   | ----------- associated function in this implementation
...
77 |     fn from_name(name: &str) -> Self {
   |        ^^^^^^^^^

warning: `common` (lib) generated 2 warnings
warning: `common` (lib) generated 2 warnings (2 duplicates)
warning: quantization@0.1.0: cl : Command line warning D9002 : ignoring unknown option '/arch:SSE'
warning: quantization@0.1.0: cl : Command line warning D9002 : ignoring unknown option '-O3'
warning: quantization@0.1.0: cl : Command line warning D9002 : ignoring unknown option '-mpopcnt'
warning: quantization@0.1.0: cl : Command line warning D9002 : ignoring unknown option '/arch:SSE'
warning: quantization@0.1.0: cl : Command line warning D9002 : ignoring unknown option '/arch:SSE'
warning: quantization@0.1.0: cl : Command line warning D9002 : ignoring unknown option '-O3'
warning: quantization@0.1.0: cl : Command line warning D9002 : ignoring unknown option '-mpopcnt'
warning: quantization@0.1.0: cl : Command line warning D9002 : ignoring unknown option '/arch:SSE'
   Compiling collection v0.4.2 (C:\Users\rajes\Desktop\qdrant\lib\collection)
    Finished `test` profile [unoptimized + debuginfo] target(s) in 12.68s
     Running unittests src\lib.rs (target\debug\deps\collection-7ebf10c333071379.exe)

running 176 tests
test collection::distance_matrix::tests::test_matrix_pairs_response_conversion ... ok
test collection::distance_matrix::tests::test_matrix_offsets_response_conversion ... ok
test collection_manager::collection_updater::tests::test_payload_ops ... ok
test collection_manager::segments_searcher::tests::test_effective_limit ... ok
test collection_manager::collection_updater::tests::test_sync_ops ... ok
test collection_manager::collection_updater::tests::test_point_ops ... ok
test collection_manager::segments_searcher::tests::test_is_indexed_enough_condition ... ok
test collection_manager::optimizers::merge_optimizer::tests::test_max_merge_size ... ok
test collection_manager::segments_searcher::tests::test_sampling_limit ... ok
test collection_manager::segments_searcher::tests::test_sampling_limit_ef ... ok
test collection_manager::segments_searcher::tests::test_sampling_limit_high ... ok
test collection_manager::collection_updater::tests::test_nested_payload_update_with_index ... ok
test collection_manager::segments_searcher::tests::test_retrieve ... ok
test collection_manager::optimizers::vacuum_optimizer::tests::test_vacuum_conditions ... ok
test collection_manager::optimizers::indexing_optimizer::tests::test_on_disk_memmap_threshold_conflict ... ok
test collection_manager::segments_searcher::tests::test_segments_search ... ok
test collection_manager::tests::test_search_aggregation::test_aggregation_of_batch_search_results ... ok
test collection_manager::tests::test_delete_all_point_versions ... ok
test collection_manager::tests::test_move_points_to_copy_on_write ... ok
test collection_manager::tests::test_search_aggregation::test_batch_search_aggregation_high_limit ... ok
test common::batching::tests::test_batch_requests ... ok
test common::eta_calculator::tests::test_eta_calculator ... ok
test common::sha_256::tests::test_compare_hash ... ok
test collection_manager::tests::test_proxy_shared_updates ... ok
test collection_manager::tests::test_update_proxy_segments ... ok
test common::snapshots_manager::tests::test_store_file_rollback_removes_snapshot_when_checksum_keep_fails ... ok
test common::snapshots_manager::tests::test_store_file_success_creates_snapshot_and_checksum ... ok
test collection_manager::tests::test_proxy_shared_updates_same_version ... ok
test collection_manager::tests::test_upsert_points_in_smallest_segment ... ok
test common::transpose_iterator::tests::test_transpose ... ok
test grouping::aggregator::unit_tests::it_adds_single_points ... ok
test grouping::aggregator::unit_tests::test_aggregate_less_groups ... ok
test grouping::aggregator::unit_tests::test_group_with_multiple_payload_values ... ok
test grouping::group_by::tests::test_hydrated_from ... ok
test grouping::types::test::group_key_from_values ... ok
test hash_ring::tests::test_non_seq_keys ... ok
test common::stoppable_task::tests::test_task_stop_many ... ok
test operations::config_diff::tests::test_hnsw_update ... ok
test operations::config_diff::tests::test_optimizer_update ... ok
test hash_ring::tests::test_repartition ... ok
test operations::config_diff::tests::test_set_optimizer_threads::case_1_number ... ok
test operations::config_diff::tests::test_set_optimizer_threads::case_2_auto ... ok
test operations::config_diff::tests::test_set_optimizer_threads::case_3_null ... ok
test operations::config_diff::tests::test_set_optimizer_threads::case_4_nothing ... ok
test operations::config_diff::tests::test_update_collection_params ... ok
test operations::config_diff::tests::test_wal_config ... ok
test operations::consistency_params::tests::test_read_consistency_deserialization ... ok
test operations::point_ops::tests::split_point_operations ... ok
test operations::point_ops::tests::validate_batch ... ok
test operations::validation::tests::test_config_validation_render ... ok
test operations::validation::tests::test_polygon_validation_render ... ok
test common::stoppable_task_async::tests::test_task_stop ... ok
test operations::validation::tests::test_validation ... ok
test problems::unindexed_field::tests::integer_index_capacities ... ok
test profiling::slow_requests_log::tests::test_get_slow_requests_returns_all_logged ... ok
test recommendations::tests::test_avg_vectors ... ok
test shards::local_shard::clock_map::test::clock_map_accept_last_operation_multiple_times ... ok
test shards::local_shard::clock_map::test::clock_map_accept_older_or_current_tick_with_force_true ... ok
test shards::local_shard::clock_map::test::clock_map_advance_to_newer_tick ... ok
test shards::local_shard::clock_map::test::clock_map_advance_to_newer_tick_with_force_true ... ok
test shards::local_shard::clock_map::test::clock_map_advance_to_next_tick ... ok
test shards::local_shard::clock_map::test::clock_map_clocks_isolation ... ignored
test shards::local_shard::clock_map::test::clock_map_reject_older_or_current_tick ... ok
test shards::local_shard::clock_map::test::clock_map_reject_tick_0 ... ok
test shards::local_shard::clock_map::test::clock_map_serde ... ok
test shards::local_shard::clock_map::test::clock_map_serde_empty ... ok
test collection_manager::optimizers::merge_optimizer::tests::test_merge_optimizer ... ok
test collection_manager::optimizers::indexing_optimizer::tests::test_multi_vector_optimization ... ok
test shards::replica_set::clock_set::tests::test_clock_multi_tick ... ok
test shards::replica_set::clock_set::tests::test_clock_set_long_running_unordered ... ok
test collection_manager::segments_searcher::tests::test_retrieve_timeout ... ok
test collection_manager::optimizers::config_mismatch_optimizer::tests::test_hnsw_config_mismatch ... ok
test common::stoppable_task::tests::test_task_stop ... ok
test shards::replica_set::clock_set::tests::test_clock_set_single_advance_high ... ok
test shards::replica_set::clock_set::tests::test_clock_set_single_advance_low ... ok
test shards::replica_set::clock_set::tests::test_clock_set_single_tick ... ok
test shards::replica_set::clock_set::tests::test_clock_set_single_tick_twice ... ok
test shards::replica_set::update::tests::test_merge_successful_update_results_prefers_highest_peer_id ... ok
test shards::replica_set::update::tests::test_merge_successful_update_results_wait_timeout_dominates ... ok
test shards::resolve::test::resolve_0_all ... ok
test shards::resolve::test::resolve_0_majority ... ok
test shards::resolve::test::resolve_2_all ... ok
test shards::resolve::test::resolve_2_majority ... ok
test shards::resolve::test::resolve_3_all ... ok
test shards::resolve::test::resolve_3_majority ... ok
test shards::resolve::test::resolve_4_all ... ok
test shards::resolve::test::resolve_4_majority ... ok
test shards::resolve::test::resolve_5_all ... ok
test shards::resolve::test::resolve_5_majority ... ok
test shards::resolve::test::resolve_scored_points_batch_4_all ... ok
test shards::resolve::test::resolve_scored_points_batch_4_majority ... ok
test shards::resolve::test::resolve_simple_all ... ok
test shards::resolve::test::resolve_simple_majority ... ok
test shards::test::clock_set_clock_map_workflow ... ok
test shards::transfer::transfer_tasks_pool::tests::test_stage_tracking_all_stages ... ok
test shards::transfer::transfer_tasks_pool::tests::test_stage_tracking_change_resets_elapsed ... ok
test shards::replica_set::update::tests::test_highest_replica_peer_id ... ok
test shards::transfer::transfer_tasks_pool::tests::test_stage_tracking_initial_state ... ok
test shards::transfer::transfer_tasks_pool::tests::test_stage_tracking_set_and_get ... ok
test shards::transfer::transfer_tasks_pool::tests::test_transfer_stage_as_str ... ok
test tests::check_version_upgrade ... ok
test collection_manager::optimizers::indexing_optimizer::tests::test_indexing_optimizer_with_number_of_segments ... ok
test shards::transfer::transfer_tasks_pool::tests::test_stage_tracking_elapsed_time ... ok
test shards::local_shard::snapshot_tests::test_snapshot_all ... ok
test shards::replica_set::clock_set::tests::test_clock_set_many_staggered_stuck ... ok
test collection_manager::optimizers::config_mismatch_optimizer::tests::test_hnsw_config_mismatch_vector_specific ... ok
test operations::verification::test::test_strict_mode_verification_trait ... ok
test tests::payload::test_payload_missing_index_check ... ok
test collection_manager::optimizers::merge_optimizer::tests::test_merge_optimizer_test_table ... ok
test tests::sha_256_test::test_sha_256_digest ... ok
test tests::shard_query::test_shard_query_rrf_rescoring ... ok
test operations::config_diff::tests::test_set_optimizer_threads::case_5_other - should panic ... ok
test common::snapshots_manager::tests::test_store_file_cleans_up_on_persist_failure ... ok
test tests::shard_query::test_shard_query_payload_vector ... ok
test collection_manager::optimizers::vacuum_optimizer::tests::test_vacuum_deleted_vectors ... ok
test tests::sparse_vectors_validation_tests::validate_error_sparse_vector_context_example_pair ... ok
test tests::sparse_vectors_validation_tests::validate_error_sparse_vector_discover_request_internal ... ok
test tests::sparse_vectors_validation_tests::validate_error_sparse_vector_point_struct ... ok
test tests::sparse_vectors_validation_tests::validate_error_sparse_vector_point_vectors ... ok
test tests::sparse_vectors_validation_tests::validate_error_sparse_vector_points_batch ... ok
test tests::sparse_vectors_validation_tests::validate_error_sparse_vector_points_list ... ok
test tests::sparse_vectors_validation_tests::validate_error_sparse_vector_recommend_example ... ok
test tests::sparse_vectors_validation_tests::validate_error_sparse_vector_recommend_request_internal ... ok
test tests::sparse_vectors_validation_tests::validate_error_sparse_vector_search_groups_request_internal ... ok
test tests::sparse_vectors_validation_tests::validate_error_sparse_vector_search_request_internal ... ok
test tests::shard_telemetry::test_shard_telemetry ... ok
test tests::query_prefetch_offset_limit::test_limit_offset_with_prefetch ... ok
test tests::shard_query::test_shard_query_vector_rescoring ... ok
test tests::fix_payload_indices::test_fix_payload_indices ... ok
test collection_manager::optimizers::indexing_optimizer::tests::test_indexing_optimizer ... ok
test collection_manager::optimizers::config_mismatch_optimizer::tests::test_quantization_config_mismatch_vector_specific ... ok
test tests::wal_recovery_test::test_truncate_unapplied_wal ... ok
test tests::wal_recovery_test::test_partial_flush_recovery ... ok
test tests::test_new_segment_when_all_over_capacity ... ok
test update_workers::applied_seq::tests::nothing_persisted_on_init ... ok
test update_workers::applied_seq::tests::persists_at_interval ... ok
test update_workers::applied_seq::tests::handles_file_corruption ... ok
test wal_delta::tests::test_cannot_resolve_delta_over_untagged_record ... ok
test update_workers::applied_seq::tests::read_existing_value_on_init ... ok
test wal_delta::tests::test_empty_recovery_point ... ok
test wal_delta::tests::test_recover_point_cutoff ... ok
test wal_delta::tests::test_recover_from_previously_recoverred_with_forward_proxy ... ok
test tests::test_optimization_process ... ok
test wal_delta::tests::test_recover_point_not_in_wal ... ok
test wal_delta::tests::test_recover_point_higher_than_source ... ok
test wal_delta::tests::test_recover_point_has_unknown_clock ... ok
test wal_delta::tests::test_resolve_wal_delta_many_intermixed_operations ... ok
test wal_delta::tests::test_resolve_wal_delta_one_operation ... ok
test wal_delta::tests::test_resolve_wal_delta_many_operations ... ok
test tests::wal_recovery_test::test_delete_from_indexed_payload ... ok
test shards::local_shard::clock_map::test::clock_map_workflow ... ok
test tests::wal_recovery_test::test_wal_replay_loads_pending_to_queue ... ok
test tests::test_cancel_optimization ... ok
test tests::wal_recovery_test::test_wal_replay_with_smaller_queue_size ... ok
test collection_manager::segments_searcher::tests::test_segments_search_sampling ... ok
test wal_delta::tests::test_resolve_wal_delta_randomized::case_1_two_nodes ... ok
test tests::points_dedup::test_retrieve_dedup ... ok
test wal_delta::tests::test_resolve_wal_delta_unordered_operations ... ok
test tests::points_dedup::test_scroll_dedup ... ok
test wal_delta::tests::validate_clock_tag_ordering_property::allow_gaps_1_false ... ok
test wal_delta::tests::validate_clock_tag_ordering_property::allow_gaps_2_true ... ok
test wal_delta::tests::test_resolve_wal_delta_with_gaps::with_gap_1_true ... ok
test wal_delta::tests::test_resolve_wal_delta_with_gaps::with_gap_2_false ... ok
test tests::points_dedup::test_search_dedup ... ok
test tests::hw_metrics::test_hw_metrics_cancellation ... ok
test wal_delta::tests::test_resolve_wal_delta_randomized::case_2_three_nodes ... ok
test wal_delta::tests::test_resolve_wal_delta_randomized::case_3_four_nodes ... ok
test shards::replica_set::clock_set::tests::test_clock_set_many ... ok
test wal_delta::tests::test_resolve_wal_delta_randomized::case_4_five_nodes ... ok
test tests::snapshot_test::test_snapshot_collection_listener ... ok
test tests::snapshot_test::test_snapshot_collection_normal ... ok
test wal_delta::tests::test_resolve_wal_delta_randomized::case_5_six_nodes ... ok
test wal_delta::tests::test_resolve_wal_delta_randomized::case_6_seven_nodes ... ok
test wal_delta::tests::test_resolve_wal_delta_randomized::case_7_eight_nodes ... ok
test wal_delta::tests::test_resolve_wal_delta_randomized::case_8_nine_nodes ... ok
test wal_delta::tests::test_resolve_wal_delta_randomized::case_9_ten_nodes ... ok

test result: ok. 175 passed; 0 failed; 1 ignored; 0 measured; 0 filtered out; finished in 15.43s

     Running tests\integration\main.rs (target\debug\deps\integration-cfd1544d5a54a748.exe)

running 41 tests
test collection_test::test_deserialization2 ... ok
test collection_test::test_deserialization ... ok
test distance_matrix_test::distance_matrix_empty ... ok
test collection_test::test_collection_local_load_initializing_not_stuck ... ok
test distance_matrix_test::distance_matrix_anonymous_vector ... ok
test grouping_test::group_by::group_by_string_field ... ok
test grouping_test::group_by::recommending ... ok
test grouping_test::group_by::searching ... ok
test grouping_test::group_by::with_filter ... ok
test collection_test::test_collection_delete_points_by_filter ... ok
test collection_test::test_read_api ... ok
test grouping_test::group_by::with_payload_and_vectors ... ok
test collection_test::test_recommendation_api ... ok
test collection_test::test_collection_search_with_payload_and_vector ... ok
test lookup_test::non_parsable_pseudo_id_to_point_id::case_1_negative_int ... ok
test lookup_test::non_parsable_pseudo_id_to_point_id::case_2_non_uuid_string ... ok
test collection_test::test_collection_updater ... ok
test grouping_test::group_by::zero_group_size ... ok
test lookup_test::parsable_pseudo_id_to_point_id::case_1_existing_uuid ... ok
test lookup_test::parsable_pseudo_id_to_point_id::case_2_zero_int ... ok
test lookup_test::parsable_pseudo_id_to_point_id::case_3_positive_int ... ok
test lookup_test::parsable_pseudo_id_to_point_id::case_4_existing_uint ... ok
test grouping_test::group_by::zero_limit_groups ... ok
test collection_test::test_collection_loading ... ok
test grouping_test::group_by::big_group_size_groups ... ok
test grouping_test::group_by::big_limit_groups ... ok
test collection_restore_test::test_collection_payload_reloading ... ok
test collection_restore_test::test_collection_payload_custom_payload ... ok
test lookup_test::err_when_collection_by_name_returns_none ... ok
test lookup_test::happy_lookup_ids ... ok
test lookup_test::nonexistent_lookup_ids_are_ignored::case_1_uuid ... ok
test lookup_test::nonexistent_lookup_ids_are_ignored::case_2_int ... ok
test grouping_test::group_by_builder::group_by_with_lookup ... ok
test grouping_test::group_by_builder::only_group_by ... ok
test pagination_test::test_collection_paginated_search ... ok
test multi_vec_test::test_multi_vec ... ok
test collection_test::test_ordered_read_api ... ok
test collection_restore_test::test_collection_reloading ... ok
test snapshot_recovery_test::test_snapshot_and_recover_collection_normal ... ok
test snapshot_recovery_test::test_snapshot_and_recover_collection_listener ... ok
test continuous_snapshot_test::test_continuous_snapshot ... ok

test result: ok. 41 passed; 0 failed; 0 ignored; 0 measured; 0 filtered out; finished in 21.12s

   Doc-tests collection

running 1 test
test lib\collection\src\common\batching.rs - common::batching::batch_requests (line 31) ... ignored

test result: ok. 0 passed; 0 failed; 1 ignored; 0 measured; 0 filtered out; finished in 0.00s

all doctests ran in 0.47s; merged doctests compilation took 0.41s
